// Jest Snapshot v1, https://goo.gl/fbAQLP

exports[`Test  - TextComponent Render TextComponent and Snapshot 1`] = `
<View
  style={
    Object {
      "flex": 1,
    }
  }
>
  <View
    style={
      Object {
        "marginBottom": 8,
      }
    }
  >
    <Text
      testID="text-component"
    >
      Touch 0 times
    </Text>
  </View>
  <View
    accessible={true}
    focusable={true}
    onClick={[Function]}
    onResponderGrant={[Function]}
    onResponderMove={[Function]}
    onResponderRelease={[Function]}
    onResponderTerminate={[Function]}
    onResponderTerminationRequest={[Function]}
    onStartShouldSetResponder={[Function]}
    style={
      Object {
        "alignItems": "center",
        "backgroundColor": "green",
        "color": "white",
        "height": 50,
        "justifyContent": "center",
        "width": 100,
      }
    }
    testID="text-btn"
  >
    <Text>
      Hello
    </Text>
  </View>
</View>
`;
